###############################################################################
#
# IAR ELF Linker V8.20.1.14183/W32 for ARM                23/Aug/2023  23:15:56
# Copyright 2007-2017 IAR Systems AB.
#
#    Output file  =  F:\Git_code\CAN\can_test\Debug\Exe\OWN.out
#    Map file     =  F:\Git_code\CAN\can_test\Debug\List\OWN.map
#    Command line =  
#        -f C:\Users\64327\AppData\Local\Temp\EW5033.tmp
#        (F:\Git_code\CAN\can_test\Debug\Obj\can.o
#        F:\Git_code\CAN\can_test\Debug\Obj\CANMsg_cfg.o
#        F:\Git_code\CAN\can_test\Debug\Obj\CANServe.o
#        F:\Git_code\CAN\can_test\Debug\Obj\delay.o
#        F:\Git_code\CAN\can_test\Debug\Obj\flash.o
#        F:\Git_code\CAN\can_test\Debug\Obj\main.o
#        F:\Git_code\CAN\can_test\Debug\Obj\misc.o
#        F:\Git_code\CAN\can_test\Debug\Obj\port.o
#        F:\Git_code\CAN\can_test\Debug\Obj\Signal_cfg.o
#        F:\Git_code\CAN\can_test\Debug\Obj\startup_stm32f10x_ld.o
#        F:\Git_code\CAN\can_test\Debug\Obj\stm32f10x_adc.o
#        F:\Git_code\CAN\can_test\Debug\Obj\stm32f10x_bkp.o
#        F:\Git_code\CAN\can_test\Debug\Obj\stm32f10x_can.o
#        F:\Git_code\CAN\can_test\Debug\Obj\stm32f10x_cec.o
#        F:\Git_code\CAN\can_test\Debug\Obj\stm32f10x_crc.o
#        F:\Git_code\CAN\can_test\Debug\Obj\stm32f10x_dac.o
#        F:\Git_code\CAN\can_test\Debug\Obj\stm32f10x_dbgmcu.o
#        F:\Git_code\CAN\can_test\Debug\Obj\stm32f10x_dma.o
#        F:\Git_code\CAN\can_test\Debug\Obj\stm32f10x_exti.o
#        F:\Git_code\CAN\can_test\Debug\Obj\stm32f10x_flash.o
#        F:\Git_code\CAN\can_test\Debug\Obj\stm32f10x_fsmc.o
#        F:\Git_code\CAN\can_test\Debug\Obj\stm32f10x_gpio.o
#        F:\Git_code\CAN\can_test\Debug\Obj\stm32f10x_i2c.o
#        F:\Git_code\CAN\can_test\Debug\Obj\stm32f10x_it.o
#        F:\Git_code\CAN\can_test\Debug\Obj\stm32f10x_iwdg.o
#        F:\Git_code\CAN\can_test\Debug\Obj\stm32f10x_pwr.o
#        F:\Git_code\CAN\can_test\Debug\Obj\stm32f10x_rcc.o
#        F:\Git_code\CAN\can_test\Debug\Obj\stm32f10x_rtc.o
#        F:\Git_code\CAN\can_test\Debug\Obj\stm32f10x_sdio.o
#        F:\Git_code\CAN\can_test\Debug\Obj\stm32f10x_spi.o
#        F:\Git_code\CAN\can_test\Debug\Obj\stm32f10x_tim.o
#        F:\Git_code\CAN\can_test\Debug\Obj\stm32f10x_usart.o
#        F:\Git_code\CAN\can_test\Debug\Obj\stm32f10x_wwdg.o
#        F:\Git_code\CAN\can_test\Debug\Obj\system_stm32f10x.o
#        F:\Git_code\CAN\can_test\Debug\Obj\tim.o
#        F:\Git_code\CAN\can_test\Debug\Obj\usart.o -o
#        F:\Git_code\CAN\can_test\Debug\Exe\OWN.out --map
#        F:\Git_code\CAN\can_test\Debug\List\OWN.map --config
#        D:\IAR\arm\config\linker\ST\stm32f103x6.icf --semihosting --entry
#        __iar_program_start --vfe --text_out locale)
#
###############################################################################

*******************************************************************************
*** RUNTIME MODEL ATTRIBUTES
***

CppFlavor       = *
__SystemLibrary = DLib
__dlib_version  = 6


*******************************************************************************
*** HEAP SELECTION
***

The basic heap was selected because no calls to memory allocation
functions were found in the application outside of system library
functions, and there are calls to deallocation functions in the
application.


*******************************************************************************
*** PLACEMENT SUMMARY
***

"A0":  place at 0x08000000 { ro section .intvec };
"P1":  place in [from 0x08000000 to 0x08007fff] { ro };
define block CSTACK with size = 2K, alignment = 8 { };
define block HEAP with size = 2K, alignment = 8 { };
"P2":  place in [from 0x20000000 to 0x200027ff] {
          rw, block CSTACK, block HEAP };
initialize by copy { rw };

  Section            Kind        Address    Size  Object
  -------            ----        -------    ----  ------
"A0":                                       0xec
  .intvec            ro code  0x08000000    0xec  startup_stm32f10x_ld.o [1]
                            - 0x080000ec    0xec

"P1":                                     0x1666
  .text              ro code  0x080000ec   0x4bc  stm32f10x_can.o [1]
  .text              ro code  0x080005a8   0x13c  stm32f10x_rcc.o [1]
  .text              ro code  0x080006e4   0x2bc  CANServe.o [1]
  .text              ro code  0x080009a0     0xc  memcpy.o [4]
  .text              ro code  0x080009ac    0xa6  ABImemcpy.o [4]
  .text              ro code  0x08000a54   0x1da  stm32f10x_usart.o [1]
  .text              ro code  0x08000c30   0x15c  stm32f10x_gpio.o [1]
  .text              ro code  0x08000d8c   0x158  system_stm32f10x.o [1]
  .text              ro code  0x08000ee4   0x140  usart.o [1]
  .text              ro code  0x08001024    0x94  misc.o [1]
  .text              ro code  0x080010b8   0x128  stm32f10x_it.o [1]
  .text              ro code  0x080011e0   0x11c  stm32f10x_tim.o [1]
  .text              ro code  0x080012fc    0xf8  can.o [1]
  .text              ro code  0x080013f4    0x88  main.o [1]
  .text              ro code  0x0800147c    0x30  delay.o [1]
  .text              ro code  0x080014ac    0x80  tim.o [1]
  .text              ro code  0x0800152c    0x40  zero_init3.o [4]
  .text              ro code  0x0800156c    0x38  packbits_init_single.o [4]
  .text              ro code  0x080015a4    0x28  data_init.o [4]
  .iar.init_table    const    0x080015cc    0x20  - Linker created -
  .text              ro code  0x080015ec    0x1e  cmain.o [4]
  .text              ro code  0x0800160a     0x4  low_level_init.o [3]
  .text              ro code  0x0800160e     0x4  exit.o [3]
  .text              ro code  0x08001614     0xa  cexit.o [4]
  .text              ro code  0x08001620    0x14  exit.o [5]
  .text              ro code  0x08001634    0x10  startup_stm32f10x_ld.o [1]
  .text              ro code  0x08001644     0xc  cstartup_M.o [4]
  .rodata            const    0x08001650     0x4  CANMsg_cfg.o [1]
  .text              ro code  0x08001654     0x4  startup_stm32f10x_ld.o [1]
  .text              ro code  0x08001658     0x4  startup_stm32f10x_ld.o [1]
  .text              ro code  0x0800165c     0x4  startup_stm32f10x_ld.o [1]
  .text              ro code  0x08001660     0x4  startup_stm32f10x_ld.o [1]
  .text              ro code  0x08001664     0x4  startup_stm32f10x_ld.o [1]
  .text              ro code  0x08001668     0x4  startup_stm32f10x_ld.o [1]
  .text              ro code  0x0800166c     0x4  startup_stm32f10x_ld.o [1]
  .text              ro code  0x08001670     0x4  startup_stm32f10x_ld.o [1]
  .text              ro code  0x08001674     0x4  startup_stm32f10x_ld.o [1]
  .text              ro code  0x08001678     0x4  startup_stm32f10x_ld.o [1]
  .text              ro code  0x0800167c     0x4  startup_stm32f10x_ld.o [1]
  .text              ro code  0x08001680     0x4  startup_stm32f10x_ld.o [1]
  .text              ro code  0x08001684     0x4  startup_stm32f10x_ld.o [1]
  .text              ro code  0x08001688     0x4  startup_stm32f10x_ld.o [1]
  .text              ro code  0x0800168c     0x4  startup_stm32f10x_ld.o [1]
  .text              ro code  0x08001690     0x4  startup_stm32f10x_ld.o [1]
  .text              ro code  0x08001694     0x4  startup_stm32f10x_ld.o [1]
  .text              ro code  0x08001698     0x4  startup_stm32f10x_ld.o [1]
  .text              ro code  0x0800169c     0x4  startup_stm32f10x_ld.o [1]
  .text              ro code  0x080016a0     0x4  startup_stm32f10x_ld.o [1]
  .text              ro code  0x080016a4     0x4  startup_stm32f10x_ld.o [1]
  .text              ro code  0x080016a8     0x4  startup_stm32f10x_ld.o [1]
  .text              ro code  0x080016ac     0x4  startup_stm32f10x_ld.o [1]
  .text              ro code  0x080016b0     0x4  startup_stm32f10x_ld.o [1]
  .text              ro code  0x080016b4     0x4  startup_stm32f10x_ld.o [1]
  .text              ro code  0x080016b8     0x4  startup_stm32f10x_ld.o [1]
  .text              ro code  0x080016bc     0x4  startup_stm32f10x_ld.o [1]
  .text              ro code  0x080016c0     0x4  startup_stm32f10x_ld.o [1]
  .text              ro code  0x080016c4     0x4  startup_stm32f10x_ld.o [1]
  .text              ro code  0x080016c8     0x4  startup_stm32f10x_ld.o [1]
  .text              ro code  0x080016cc     0x4  startup_stm32f10x_ld.o [1]
  .text              ro code  0x080016d0     0x4  startup_stm32f10x_ld.o [1]
  .text              ro code  0x080016d4     0x4  startup_stm32f10x_ld.o [1]
  .text              ro code  0x080016d8     0x4  startup_stm32f10x_ld.o [1]
  .rodata            const    0x080016dc     0x0  zero_init3.o [4]
  .rodata            const    0x080016dc     0x0  packbits_init_single.o [4]
  Initializer bytes  const    0x080016dc    0x76  <for P2-1>
                            - 0x08001752  0x1666

"P2", part 1 of 3:                          0x98
  P2-1                        0x20000000    0x98  <Init block>
    .data            inited   0x20000000    0x50  CANMsg_cfg.o [1]
    .data            inited   0x20000050    0x20  CANMsg_cfg.o [1]
    .data            inited   0x20000070    0x14  CANServe.o [1]
    .data            inited   0x20000084    0x10  stm32f10x_rcc.o [1]
    .data            inited   0x20000094     0x4  stm32f10x_rcc.o [1]
                            - 0x20000098    0x98

"P2", part 2 of 3:                         0x128
  .bss               zero     0x20000098    0x64  stm32f10x_it.o [1]
  .bss               zero     0x200000fc    0x64  stm32f10x_it.o [1]
  .bss               zero     0x20000160    0x14  main.o [1]
  .bss               zero     0x20000174     0x8  CANServe.o [1]
  .bss               zero     0x2000017c     0x8  main.o [1]
  .bss               zero     0x20000184     0x8  Signal_cfg.o [1]
  .bss               zero     0x2000018c     0x8  Signal_cfg.o [1]
  .bss               zero     0x20000194     0x8  Signal_cfg.o [1]
  .bss               zero     0x2000019c     0x8  Signal_cfg.o [1]
  .bss               zero     0x200001a4     0x4  CANMsg_cfg.o [1]
  .bss               zero     0x200001a8     0x4  CANMsg_cfg.o [1]
  .bss               zero     0x200001ac     0x4  stm32f10x_it.o [1]
  .bss               zero     0x200001b0     0x4  stm32f10x_it.o [1]
  .bss               zero     0x200001b4     0x2  CANServe.o [1]
  .bss               zero     0x200001b6     0x2  delay.o [1]
  .bss               zero     0x200001b8     0x2  stm32f10x_it.o [1]
  .bss               zero     0x200001ba     0x1  CANServe.o [1]
  .bss               zero     0x200001bb     0x1  CANServe.o [1]
  .bss               zero     0x200001bc     0x1  delay.o [1]
  .bss               zero     0x200001bd     0x1  main.o [1]
  .bss               zero     0x200001be     0x1  stm32f10x_it.o [1]
  .bss               zero     0x200001bf     0x1  stm32f10x_it.o [1]
                            - 0x200001c0   0x128

"P2", part 3 of 3:                         0x800
  CSTACK                      0x200001c0   0x800  <Block>
    CSTACK           uninit   0x200001c0   0x800  <Block tail>
                            - 0x200009c0   0x800


*******************************************************************************
*** INIT TABLE
***

          Address     Size
          -------     ----
Zero (__iar_zero_init3)
    1 destination range, total size 0x128:
          0x20000098  0x128

Copy/packbits (__iar_packbits_init_single3)
    1 source range, total size 0x76 (77% of destination):
          0x080016dc   0x76
    1 destination range, total size 0x98:
          0x20000000   0x98



*******************************************************************************
*** MODULE SUMMARY
***

    Module                  ro code  ro data  rw data
    ------                  -------  -------  -------
F:\Git_code\CAN\can_test\Debug\Obj: [1]
    CANMsg_cfg.o                          90      120
    CANServe.o                  700       16       32
    Signal_cfg.o                                   32
    can.o                       248
    delay.o                      48                 3
    main.o                      136                29
    misc.o                      148
    startup_stm32f10x_ld.o      388
    stm32f10x_can.o           1 212
    stm32f10x_gpio.o            348
    stm32f10x_it.o              296               212
    stm32f10x_rcc.o             316       16       20
    stm32f10x_tim.o             284
    stm32f10x_usart.o           474
    system_stm32f10x.o          344
    tim.o                       128
    usart.o                     320
    -------------------------------------------------
    Total:                    5 390      122      448

command line: [2]
    -------------------------------------------------
    Total:

dl7M_tlf.a: [3]
    exit.o                        4
    low_level_init.o              4
    -------------------------------------------------
    Total:                        8

rt7M_tl.a: [4]
    ABImemcpy.o                 166
    cexit.o                      10
    cmain.o                      30
    cstartup_M.o                 12
    data_init.o                  40
    memcpy.o                     12
    packbits_init_single.o       56
    zero_init3.o                 64
    -------------------------------------------------
    Total:                      390

shb_l.a: [5]
    exit.o                       20
    -------------------------------------------------
    Total:                       20

    Gaps                          8
    Linker created                        32    2 048
-----------------------------------------------------
    Grand Total:              5 816      154    2 496


*******************************************************************************
*** ENTRY LIST
***

Entry                      Address   Size  Type      Object
-----                      -------   ----  ----      ------
.iar.init_table$$Base   0x080015cc          --   Gb  - Linker created -
.iar.init_table$$Limit  0x080015ec          --   Gb  - Linker created -
?main                   0x080015ed         Code  Gb  cmain.o [4]
ADCPrescTable           0x20000094    0x4  Data  Lc  stm32f10x_rcc.o [1]
APBAHBPrescTable        0x20000084   0x10  Data  Lc  stm32f10x_rcc.o [1]
BusFault_Handler        0x080010bf    0x2  Code  Gb  stm32f10x_it.o [1]
BusOff                  0x200001ba    0x1  Data  Gb  CANServe.o [1]
CANFilterConfig_IdMask_StandardIdOnly
                        0x080006e5   0x6c  Code  Gb  CANServe.o [1]
CAN_Config              0x080013e1   0x14  Code  Gb  can.o [1]
CAN_DeInit              0x080000ed   0x36  Code  Gb  stm32f10x_can.o [1]
CAN_FilterInit          0x0800022d  0x112  Code  Gb  stm32f10x_can.o [1]
CAN_GPIO_Config         0x080012fd   0x4e  Code  Lc  can.o [1]
CAN_IRQCallBack         0x080008ff   0x60  Code  Gb  CANServe.o [1]
CAN_ITConfig            0x08000573   0x18  Code  Gb  stm32f10x_can.o [1]
CAN_Init                0x08000123  0x10a  Code  Gb  stm32f10x_can.o [1]
CAN_Mode_Config         0x08001375   0x64  Code  Lc  can.o [1]
CAN_NVIC_Config         0x0800134b   0x2a  Code  Lc  can.o [1]
CAN_Receive             0x0800048b   0xe8  Code  Gb  stm32f10x_can.o [1]
CAN_Send_Cyc            0x08000751   0x9e  Code  Gb  CANServe.o [1]
CAN_StructInit          0x0800033f   0x2e  Code  Gb  stm32f10x_can.o [1]
CAN_Task_Sched          0x08000857   0xa8  Code  Gb  CANServe.o [1]
CAN_Task_Sched::su16Tim
                        0x200001b4    0x2  Data  Lc  CANServe.o [1]
CAN_Transmit            0x0800036d  0x11e  Code  Gb  stm32f10x_can.o [1]
CSTACK$$Base            0x200001c0          --   Gb  - Linker created -
CSTACK$$Limit           0x200009c0          --   Gb  - Linker created -
DebugMon_Handler        0x080010c5    0x2  Code  Gb  stm32f10x_it.o [1]
GPIO_Init               0x08000c31   0xc4  Code  Gb  stm32f10x_gpio.o [1]
GPIO_PinRemapConfig     0x08000cfb   0x8a  Code  Gb  stm32f10x_gpio.o [1]
GPIO_ResetBits          0x08000cf5    0x6  Code  Gb  stm32f10x_gpio.o [1]
HardFault_Handler       0x080010bb    0x2  Code  Gb  stm32f10x_it.o [1]
MemManage_Handler       0x080010bd    0x2  Code  Gb  stm32f10x_it.o [1]
Message_Tim_Cnt         0x20000070   0x14  Data  Gb  CANServe.o [1]
MsgMissCnt              0x200001a4    0x4  Data  Gb  CANMsg_cfg.o [1]
MsgMissed               0x08001650    0x4  Data  Gb  CANMsg_cfg.o [1]
Msg_Miss_Monitor        0x080007ef   0x5c  Code  Gb  CANServe.o [1]
Msg_Miss_Reset          0x0800084b    0xc  Code  Gb  CANServe.o [1]
NMI_Handler             0x080010b9    0x2  Code  Gb  stm32f10x_it.o [1]
NVIC_Init               0x0800102f   0x60  Code  Gb  misc.o [1]
NVIC_PriorityGroupConfig
                        0x08001025    0xa  Code  Gb  misc.o [1]
NVIC_SetVectorTable     0x0800108f    0xc  Code  Gb  misc.o [1]
PendSV_Handler          0x080010c7    0x2  Code  Gb  stm32f10x_it.o [1]
PwrOnDis                0x200001bb    0x1  Data  Gb  CANServe.o [1]
RCC_APB1PeriphClockCmd  0x08000683   0x20  Code  Gb  stm32f10x_rcc.o [1]
RCC_APB1PeriphResetCmd  0x080006a3   0x20  Code  Gb  stm32f10x_rcc.o [1]
RCC_APB2PeriphClockCmd  0x08000663   0x20  Code  Gb  stm32f10x_rcc.o [1]
RCC_GetClocksFreq       0x080005a9   0xba  Code  Gb  stm32f10x_rcc.o [1]
Region$$Table$$Base     0x080015cc          --   Gb  - Linker created -
Region$$Table$$Limit    0x080015ec          --   Gb  - Linker created -
RxMessage               0x20000160   0x14  Data  Gb  main.o [1]
SVC_Handler             0x080010c3    0x2  Code  Gb  stm32f10x_it.o [1]
SetSysClock             0x08000de1    0x8  Code  Lc  system_stm32f10x.o [1]
SetSysClockTo72         0x08000de9   0xe0  Code  Lc  system_stm32f10x.o [1]
SysTick_Handler         0x080010c9    0x2  Code  Gb  stm32f10x_it.o [1]
SystemInit              0x08000d8d   0x54  Code  Gb  system_stm32f10x.o [1]
TIM1_UP_IRQHandler      0x080010cb   0x36  Code  Gb  stm32f10x_it.o [1]
TIM3_Mode_Config        0x080014ad   0x80  Code  Gb  tim.o [1]
TIM_ClearITPendingBit   0x080012cb    0x8  Code  Gb  stm32f10x_tim.o [1]
TIM_Cmd                 0x08001273   0x1c  Code  Gb  stm32f10x_tim.o [1]
TIM_GetITStatus         0x080012a7   0x24  Code  Gb  stm32f10x_tim.o [1]
TIM_ITConfig            0x0800128f   0x18  Code  Gb  stm32f10x_tim.o [1]
TIM_TimeBaseInit        0x080011e1   0x92  Code  Gb  stm32f10x_tim.o [1]
USART1_IRQHandler       0x08001101   0x52  Code  Gb  stm32f10x_it.o [1]
USART2_Configuration    0x08000ee5   0xcc  Code  Gb  usart.o [1]
USART2_IRQHandler       0x08001153   0x52  Code  Gb  stm32f10x_it.o [1]
USART_ClearFlag         0x08000ba3    0xc  Code  Gb  stm32f10x_usart.o [1]
USART_ClearITPendingBit
                        0x08000c11   0x1e  Code  Gb  stm32f10x_usart.o [1]
USART_Cmd               0x08000b15   0x1c  Code  Gb  stm32f10x_usart.o [1]
USART_GetFlagStatus     0x08000b8b   0x18  Code  Gb  stm32f10x_usart.o [1]
USART_GetITStatus       0x08000baf   0x62  Code  Gb  stm32f10x_usart.o [1]
USART_ITConfig          0x08000b31   0x52  Code  Gb  stm32f10x_usart.o [1]
USART_Init              0x08000a55   0xba  Code  Gb  stm32f10x_usart.o [1]
USART_ReceiveData       0x08000b83    0x8  Code  Gb  stm32f10x_usart.o [1]
USB_LP_CAN1_RX0_IRQHandler
                        0x080011d9    0x8  Code  Gb  stm32f10x_it.o [1]
UsageFault_Handler      0x080010c1    0x2  Code  Gb  stm32f10x_it.o [1]
Usart1_RecvBuffer       0x20000098   0x64  Data  Gb  stm32f10x_it.o [1]
Usart1_RecvPointer      0x200001ac    0x4  Data  Gb  stm32f10x_it.o [1]
Usart1_recv_state       0x200001be    0x1  Data  Gb  stm32f10x_it.o [1]
Usart2_RecvBuffer       0x200000fc   0x64  Data  Gb  stm32f10x_it.o [1]
Usart2_RecvPointer      0x200001b0    0x4  Data  Gb  stm32f10x_it.o [1]
Usart2_recv_state       0x200001bf    0x1  Data  Gb  stm32f10x_it.o [1]
__aeabi_memcpy          0x080009ad         Code  Gb  ABImemcpy.o [4]
__aeabi_memcpy4         0x080009cd         Code  Gb  ABImemcpy.o [4]
__aeabi_memcpy8         0x080009cd         Code  Gb  ABImemcpy.o [4]
__cmain                 0x080015ed         Code  Gb  cmain.o [4]
__exit                  0x08001621   0x14  Code  Gb  exit.o [5]
__iar_data_init3        0x080015a5   0x28  Code  Gb  data_init.o [4]
__iar_packbits_init_single3
                        0x0800156d   0x38  Code  Gb  packbits_init_single.o [4]
__iar_program_start     0x08001645         Code  Gb  cstartup_M.o [4]
__iar_systems$$module {Abs}
                        0x00000001         Data  Gb  command line/config [2]
__iar_zero_init3        0x0800152d   0x40  Code  Gb  zero_init3.o [4]
__low_level_init        0x0800160b    0x4  Code  Gb  low_level_init.o [3]
__vector_table          0x08000000         Data  Gb  startup_stm32f10x_ld.o [1]
_call_main              0x080015f9         Code  Gb  cmain.o [4]
_exit                   0x08001615         Code  Gb  cexit.o [4]
_main                   0x08001607         Code  Gb  cmain.o [4]
delay_init              0x0800147d   0x22  Code  Gb  delay.o [1]
exit                    0x0800160f    0x4  Code  Gb  exit.o [3]
fac_ms                  0x200001b6    0x2  Data  Lc  delay.o [1]
fac_us                  0x200001bc    0x1  Data  Lc  delay.o [1]
flag                    0x200001bd    0x1  Data  Gb  main.o [1]
mMsgMiss                0x200001a8    0x4  Data  Gb  CANMsg_cfg.o [1]
mRMsgAttr               0x20000050   0x20  Data  Gb  CANMsg_cfg.o [1]
mRxDat1                 0x20000194    0x8  Data  Gb  Signal_cfg.o [1]
mRxDat2                 0x2000019c    0x8  Data  Gb  Signal_cfg.o [1]
mSysTim                 0x20000174    0x8  Data  Gb  CANServe.o [1]
mTMsgAttr               0x20000000   0x50  Data  Gb  CANMsg_cfg.o [1]
mTxDat1                 0x20000184    0x8  Data  Gb  Signal_cfg.o [1]
mTxDat2                 0x2000018c    0x8  Data  Gb  Signal_cfg.o [1]
main                    0x080013f5   0x88  Code  Gb  main.o [1]
memcpy                  0x080009a1    0xc  Code  Gb  memcpy.o [4]
radar_state             0x2000017c    0x8  Data  Gb  main.o [1]
timer                   0x200001b8    0x2  Data  Gb  stm32f10x_it.o [1]
uart_recv               0x08000fb1   0x5c  Code  Gb  usart.o [1]


[1] = F:\Git_code\CAN\can_test\Debug\Obj
[2] = command line
[3] = dl7M_tlf.a
[4] = rt7M_tl.a
[5] = shb_l.a

  5 816 bytes of readonly  code memory
    154 bytes of readonly  data memory
  2 496 bytes of readwrite data memory

Errors: none
Warnings: none
