###############################################################################
#
# IAR ELF Linker V8.20.1.14183/W32 for ARM                20/Aug/2023  14:31:10
# Copyright 2007-2017 IAR Systems AB.
#
#    Output file  =  C:\Users\64327\Desktop\can_test\Debug\Exe\OWN.out
#    Map file     =  C:\Users\64327\Desktop\can_test\Debug\List\OWN.map
#    Command line =  
#        -f C:\Users\64327\AppData\Local\Temp\EWD6D1.tmp
#        (C:\Users\64327\Desktop\can_test\Debug\Obj\can.o
#        C:\Users\64327\Desktop\can_test\Debug\Obj\delay.o
#        C:\Users\64327\Desktop\can_test\Debug\Obj\flash.o
#        C:\Users\64327\Desktop\can_test\Debug\Obj\main.o
#        C:\Users\64327\Desktop\can_test\Debug\Obj\misc.o
#        C:\Users\64327\Desktop\can_test\Debug\Obj\port.o
#        C:\Users\64327\Desktop\can_test\Debug\Obj\startup_stm32f10x_ld.o
#        C:\Users\64327\Desktop\can_test\Debug\Obj\stm32f10x_adc.o
#        C:\Users\64327\Desktop\can_test\Debug\Obj\stm32f10x_bkp.o
#        C:\Users\64327\Desktop\can_test\Debug\Obj\stm32f10x_can.o
#        C:\Users\64327\Desktop\can_test\Debug\Obj\stm32f10x_cec.o
#        C:\Users\64327\Desktop\can_test\Debug\Obj\stm32f10x_crc.o
#        C:\Users\64327\Desktop\can_test\Debug\Obj\stm32f10x_dac.o
#        C:\Users\64327\Desktop\can_test\Debug\Obj\stm32f10x_dbgmcu.o
#        C:\Users\64327\Desktop\can_test\Debug\Obj\stm32f10x_dma.o
#        C:\Users\64327\Desktop\can_test\Debug\Obj\stm32f10x_exti.o
#        C:\Users\64327\Desktop\can_test\Debug\Obj\stm32f10x_flash.o
#        C:\Users\64327\Desktop\can_test\Debug\Obj\stm32f10x_fsmc.o
#        C:\Users\64327\Desktop\can_test\Debug\Obj\stm32f10x_gpio.o
#        C:\Users\64327\Desktop\can_test\Debug\Obj\stm32f10x_i2c.o
#        C:\Users\64327\Desktop\can_test\Debug\Obj\stm32f10x_it.o
#        C:\Users\64327\Desktop\can_test\Debug\Obj\stm32f10x_iwdg.o
#        C:\Users\64327\Desktop\can_test\Debug\Obj\stm32f10x_pwr.o
#        C:\Users\64327\Desktop\can_test\Debug\Obj\stm32f10x_rcc.o
#        C:\Users\64327\Desktop\can_test\Debug\Obj\stm32f10x_rtc.o
#        C:\Users\64327\Desktop\can_test\Debug\Obj\stm32f10x_sdio.o
#        C:\Users\64327\Desktop\can_test\Debug\Obj\stm32f10x_spi.o
#        C:\Users\64327\Desktop\can_test\Debug\Obj\stm32f10x_tim.o
#        C:\Users\64327\Desktop\can_test\Debug\Obj\stm32f10x_usart.o
#        C:\Users\64327\Desktop\can_test\Debug\Obj\stm32f10x_wwdg.o
#        C:\Users\64327\Desktop\can_test\Debug\Obj\system_stm32f10x.o
#        C:\Users\64327\Desktop\can_test\Debug\Obj\tim.o
#        C:\Users\64327\Desktop\can_test\Debug\Obj\usart.o -o
#        C:\Users\64327\Desktop\can_test\Debug\Exe\OWN.out --map
#        C:\Users\64327\Desktop\can_test\Debug\List\OWN.map --config
#        D:\IAR\arm\config\linker\ST\stm32f103x6.icf --semihosting --entry
#        __iar_program_start --vfe --text_out locale)
#
###############################################################################

*******************************************************************************
*** RUNTIME MODEL ATTRIBUTES
***

CppFlavor       = *
__SystemLibrary = DLib
__dlib_version  = 6


*******************************************************************************
*** HEAP SELECTION
***

The basic heap was selected because no calls to memory allocation
functions were found in the application outside of system library
functions, and there are calls to deallocation functions in the
application.


*******************************************************************************
*** PLACEMENT SUMMARY
***

"A0":  place at 0x08000000 { ro section .intvec };
"P1":  place in [from 0x08000000 to 0x08007fff] { ro };
define block CSTACK with size = 2K, alignment = 8 { };
define block HEAP with size = 2K, alignment = 8 { };
"P2":  place in [from 0x20000000 to 0x200027ff] {
          rw, block CSTACK, block HEAP };

  Section          Kind        Address    Size  Object
  -------          ----        -------    ----  ------
"A0":                                     0xec
  .intvec          ro code  0x08000000    0xec  startup_stm32f10x_ld.o [1]
                          - 0x080000ec    0xec

"P1":                                   0x10d0
  .text            ro code  0x080000ec   0x4bc  stm32f10x_can.o [1]
  .text            ro code  0x080005a8    0x6c  stm32f10x_rcc.o [1]
  .text            ro code  0x08000614   0x17c  stm32f10x_it.o [1]
  .text            ro code  0x08000790   0x11c  stm32f10x_tim.o [1]
  .text            ro code  0x080008ac   0x178  stm32f10x_gpio.o [1]
  .text            ro code  0x08000a24    0xa8  stm32f10x_usart.o [1]
  .text            ro code  0x08000acc   0x16e  can.o [1]
  .text            ro code  0x08000c3c    0x94  misc.o [1]
  .text            ro code  0x08000cd0   0x158  system_stm32f10x.o [1]
  .text            ro code  0x08000e28   0x114  main.o [1]
  .text            ro code  0x08000f3c    0x68  delay.o [1]
  .text            ro code  0x08000fa4    0x80  tim.o [1]
  .text            ro code  0x08001024    0x2c  usart.o [1]
  .text            ro code  0x08001050    0x40  zero_init3.o [4]
  .text            ro code  0x08001090    0x28  data_init.o [4]
  .iar.init_table  const    0x080010b8    0x10  - Linker created -
  .text            ro code  0x080010c8    0x1e  cmain.o [4]
  .text            ro code  0x080010e6     0x4  low_level_init.o [3]
  .text            ro code  0x080010ea     0x4  exit.o [3]
  .text            ro code  0x080010f0     0xa  cexit.o [4]
  .text            ro code  0x080010fc    0x14  exit.o [5]
  .text            ro code  0x08001110    0x10  startup_stm32f10x_ld.o [1]
  .text            ro code  0x08001120     0xc  cstartup_M.o [4]
  .rodata          const    0x0800112c     0x4  main.o [1]
  .text            ro code  0x08001130     0x4  startup_stm32f10x_ld.o [1]
  .text            ro code  0x08001134     0x4  startup_stm32f10x_ld.o [1]
  .text            ro code  0x08001138     0x4  startup_stm32f10x_ld.o [1]
  .text            ro code  0x0800113c     0x4  startup_stm32f10x_ld.o [1]
  .text            ro code  0x08001140     0x4  startup_stm32f10x_ld.o [1]
  .text            ro code  0x08001144     0x4  startup_stm32f10x_ld.o [1]
  .text            ro code  0x08001148     0x4  startup_stm32f10x_ld.o [1]
  .text            ro code  0x0800114c     0x4  startup_stm32f10x_ld.o [1]
  .text            ro code  0x08001150     0x4  startup_stm32f10x_ld.o [1]
  .text            ro code  0x08001154     0x4  startup_stm32f10x_ld.o [1]
  .text            ro code  0x08001158     0x4  startup_stm32f10x_ld.o [1]
  .text            ro code  0x0800115c     0x4  startup_stm32f10x_ld.o [1]
  .text            ro code  0x08001160     0x4  startup_stm32f10x_ld.o [1]
  .text            ro code  0x08001164     0x4  startup_stm32f10x_ld.o [1]
  .text            ro code  0x08001168     0x4  startup_stm32f10x_ld.o [1]
  .text            ro code  0x0800116c     0x4  startup_stm32f10x_ld.o [1]
  .text            ro code  0x08001170     0x4  startup_stm32f10x_ld.o [1]
  .text            ro code  0x08001174     0x4  startup_stm32f10x_ld.o [1]
  .text            ro code  0x08001178     0x4  startup_stm32f10x_ld.o [1]
  .text            ro code  0x0800117c     0x4  startup_stm32f10x_ld.o [1]
  .text            ro code  0x08001180     0x4  startup_stm32f10x_ld.o [1]
  .text            ro code  0x08001184     0x4  startup_stm32f10x_ld.o [1]
  .text            ro code  0x08001188     0x4  startup_stm32f10x_ld.o [1]
  .text            ro code  0x0800118c     0x4  startup_stm32f10x_ld.o [1]
  .text            ro code  0x08001190     0x4  startup_stm32f10x_ld.o [1]
  .text            ro code  0x08001194     0x4  startup_stm32f10x_ld.o [1]
  .text            ro code  0x08001198     0x4  startup_stm32f10x_ld.o [1]
  .text            ro code  0x0800119c     0x4  startup_stm32f10x_ld.o [1]
  .text            ro code  0x080011a0     0x4  startup_stm32f10x_ld.o [1]
  .text            ro code  0x080011a4     0x4  startup_stm32f10x_ld.o [1]
  .text            ro code  0x080011a8     0x4  startup_stm32f10x_ld.o [1]
  .text            ro code  0x080011ac     0x4  startup_stm32f10x_ld.o [1]
  .text            ro code  0x080011b0     0x4  startup_stm32f10x_ld.o [1]
  .text            ro code  0x080011b4     0x4  startup_stm32f10x_ld.o [1]
  .text            ro code  0x080011b8     0x4  startup_stm32f10x_ld.o [1]
  .rodata          const    0x080011bc     0x0  zero_init3.o [4]
                          - 0x080011bc  0x10d0

"P2", part 1 of 2:                        0xa4
  .bss             zero     0x20000000    0x64  stm32f10x_it.o [1]
  .bss             zero     0x20000064    0x14  main.o [1]
  .bss             zero     0x20000078    0x14  main.o [1]
  .bss             zero     0x2000008c     0x4  main.o [1]
  .bss             zero     0x20000090     0x4  stm32f10x_it.o [1]
  .bss             zero     0x20000094     0x4  stm32f10x_it.o [1]
  .bss             zero     0x20000098     0x4  stm32f10x_it.o [1]
  .bss             zero     0x2000009c     0x2  delay.o [1]
  .bss             zero     0x2000009e     0x2  stm32f10x_it.o [1]
  .bss             zero     0x200000a0     0x1  delay.o [1]
  .bss             zero     0x200000a1     0x1  main.o [1]
  .bss             zero     0x200000a2     0x1  stm32f10x_it.o [1]
                          - 0x200000a3    0xa3

"P2", part 2 of 2:                       0x800
  CSTACK                    0x200000a8   0x800  <Block>
    CSTACK         uninit   0x200000a8   0x800  <Block tail>
                          - 0x200008a8   0x800


*******************************************************************************
*** INIT TABLE
***

          Address     Size
          -------     ----
Zero (__iar_zero_init3)
    1 destination range, total size 0xa3:
          0x20000000  0xa3



*******************************************************************************
*** MODULE SUMMARY
***

    Module                  ro code  ro data  rw data
    ------                  -------  -------  -------
C:\Users\64327\Desktop\can_test\Debug\Obj: [1]
    can.o                       366
    delay.o                     104                 3
    main.o                      276        4       45
    misc.o                      148
    startup_stm32f10x_ld.o      392
    stm32f10x_can.o           1 212
    stm32f10x_gpio.o            376
    stm32f10x_it.o              380               115
    stm32f10x_rcc.o             108
    stm32f10x_tim.o             284
    stm32f10x_usart.o           168
    system_stm32f10x.o          344
    tim.o                       128
    usart.o                      44
    -------------------------------------------------
    Total:                    4 330        4      163

command line: [2]
    -------------------------------------------------
    Total:

dl7M_tlf.a: [3]
    exit.o                        4
    low_level_init.o              4
    -------------------------------------------------
    Total:                        8

rt7M_tl.a: [4]
    cexit.o                      10
    cmain.o                      30
    cstartup_M.o                 12
    data_init.o                  40
    zero_init3.o                 64
    -------------------------------------------------
    Total:                      156

shb_l.a: [5]
    exit.o                       20
    -------------------------------------------------
    Total:                       20

    Gaps                          6
    Linker created                        16    2 048
-----------------------------------------------------
    Grand Total:              4 520       20    2 211


*******************************************************************************
*** ENTRY LIST
***

Entry                      Address   Size  Type      Object
-----                      -------   ----  ----      ------
.iar.init_table$$Base   0x080010b8          --   Gb  - Linker created -
.iar.init_table$$Limit  0x080010c8          --   Gb  - Linker created -
?main                   0x080010c9         Code  Gb  cmain.o [4]
BusFault_Handler        0x0800061b    0x2  Code  Gb  stm32f10x_it.o [1]
CAN_Config              0x08000bfd   0x14  Code  Gb  can.o [1]
CAN_DeInit              0x080000ed   0x36  Code  Gb  stm32f10x_can.o [1]
CAN_FilterInit          0x0800022d  0x112  Code  Gb  stm32f10x_can.o [1]
CAN_Filter_Config       0x08000ba9   0x4c  Code  Lc  can.o [1]
CAN_GPIO_Config         0x08000acd   0x4e  Code  Lc  can.o [1]
CAN_ITConfig            0x08000573   0x18  Code  Gb  stm32f10x_can.o [1]
CAN_Init                0x08000123  0x10a  Code  Gb  stm32f10x_can.o [1]
CAN_Mode_Config         0x08000b45   0x64  Code  Lc  can.o [1]
CAN_NVIC_Config         0x08000b1b   0x2a  Code  Lc  can.o [1]
CAN_Receive             0x0800048b   0xe8  Code  Gb  stm32f10x_can.o [1]
CAN_SetMsg              0x08000c11   0x2a  Code  Gb  can.o [1]
CAN_StructInit          0x0800033f   0x2e  Code  Gb  stm32f10x_can.o [1]
CAN_Transmit            0x0800036d  0x11e  Code  Gb  stm32f10x_can.o [1]
CSTACK$$Base            0x200000a8          --   Gb  - Linker created -
CSTACK$$Limit           0x200008a8          --   Gb  - Linker created -
DebugMon_Handler        0x08000621    0x2  Code  Gb  stm32f10x_it.o [1]
GPIO_Init               0x080008ad   0xc4  Code  Gb  stm32f10x_gpio.o [1]
GPIO_PinRemapConfig     0x08000991   0x8a  Code  Gb  stm32f10x_gpio.o [1]
GPIO_ReadInputDataBit   0x08000971   0x14  Code  Gb  stm32f10x_gpio.o [1]
GPIO_ResetBits          0x0800098b    0x6  Code  Gb  stm32f10x_gpio.o [1]
GPIO_SetBits            0x08000985    0x6  Code  Gb  stm32f10x_gpio.o [1]
HardFault_Handler       0x08000617    0x2  Code  Gb  stm32f10x_it.o [1]
MemManage_Handler       0x08000619    0x2  Code  Gb  stm32f10x_it.o [1]
NMI_Handler             0x08000615    0x2  Code  Gb  stm32f10x_it.o [1]
NVIC_Init               0x08000c47   0x60  Code  Gb  misc.o [1]
NVIC_PriorityGroupConfig
                        0x08000c3d    0xa  Code  Gb  misc.o [1]
NVIC_SetVectorTable     0x08000ca7    0xc  Code  Gb  misc.o [1]
PendSV_Handler          0x08000623    0x2  Code  Gb  stm32f10x_it.o [1]
RCC_APB1PeriphClockCmd  0x080005c9   0x20  Code  Gb  stm32f10x_rcc.o [1]
RCC_APB1PeriphResetCmd  0x080005e9   0x20  Code  Gb  stm32f10x_rcc.o [1]
RCC_APB2PeriphClockCmd  0x080005a9   0x20  Code  Gb  stm32f10x_rcc.o [1]
RX                      0x20000098    0x4  Data  Gb  stm32f10x_it.o [1]
Region$$Table$$Base     0x080010b8          --   Gb  - Linker created -
Region$$Table$$Limit    0x080010c8          --   Gb  - Linker created -
RxMessage               0x20000078   0x14  Data  Gb  main.o [1]
SVC_Handler             0x0800061f    0x2  Code  Gb  stm32f10x_it.o [1]
SetSysClock             0x08000d25    0x8  Code  Lc  system_stm32f10x.o [1]
SetSysClockTo72         0x08000d2d   0xe0  Code  Lc  system_stm32f10x.o [1]
SysTick_Handler         0x08000625    0x2  Code  Gb  stm32f10x_it.o [1]
SystemInit              0x08000cd1   0x54  Code  Gb  system_stm32f10x.o [1]
TIM1_UP_IRQHandler      0x08000627   0x82  Code  Gb  stm32f10x_it.o [1]
TIM3_Mode_Config        0x08000fa5   0x80  Code  Gb  tim.o [1]
TIM_ClearITPendingBit   0x0800087b    0x8  Code  Gb  stm32f10x_tim.o [1]
TIM_Cmd                 0x08000823   0x1c  Code  Gb  stm32f10x_tim.o [1]
TIM_GetITStatus         0x08000857   0x24  Code  Gb  stm32f10x_tim.o [1]
TIM_ITConfig            0x0800083f   0x18  Code  Gb  stm32f10x_tim.o [1]
TIM_TimeBaseInit        0x08000791   0x92  Code  Gb  stm32f10x_tim.o [1]
TX                      0x20000094    0x4  Data  Gb  stm32f10x_it.o [1]
TxMessage               0x20000064   0x14  Data  Gb  main.o [1]
USART2_IRQHandler       0x080006a9   0x52  Code  Gb  stm32f10x_it.o [1]
USART_ClearITPendingBit
                        0x08000aaf   0x1e  Code  Gb  stm32f10x_usart.o [1]
USART_GetFlagStatus     0x08000a35   0x18  Code  Gb  stm32f10x_usart.o [1]
USART_GetITStatus       0x08000a4d   0x62  Code  Gb  stm32f10x_usart.o [1]
USART_ReceiveData       0x08000a2d    0x8  Code  Gb  stm32f10x_usart.o [1]
USART_SendData          0x08000a25    0x8  Code  Gb  stm32f10x_usart.o [1]
USB_LP_CAN1_RX0_IRQHandler
                        0x080006fb   0x5a  Code  Gb  stm32f10x_it.o [1]
UsageFault_Handler      0x0800061d    0x2  Code  Gb  stm32f10x_it.o [1]
Usart2_RecvBuffer       0x20000000   0x64  Data  Gb  stm32f10x_it.o [1]
Usart2_RecvPointer      0x20000090    0x4  Data  Gb  stm32f10x_it.o [1]
Usart2_recv_state       0x200000a2    0x1  Data  Gb  stm32f10x_it.o [1]
__cmain                 0x080010c9         Code  Gb  cmain.o [4]
__exit                  0x080010fd   0x14  Code  Gb  exit.o [5]
__iar_data_init3        0x08001091   0x28  Code  Gb  data_init.o [4]
__iar_program_start     0x08001121         Code  Gb  cstartup_M.o [4]
__iar_systems$$module {Abs}
                        0x00000001         Data  Gb  command line/config [2]
__iar_zero_init3        0x08001051   0x40  Code  Gb  zero_init3.o [4]
__low_level_init        0x080010e7    0x4  Code  Gb  low_level_init.o [3]
__vector_table          0x08000000         Data  Gb  startup_stm32f10x_ld.o [1]
_call_main              0x080010d5         Code  Gb  cmain.o [4]
_exit                   0x080010f1         Code  Gb  cexit.o [4]
_main                   0x080010e3         Code  Gb  cmain.o [4]
config                  0x2000008c    0x4  Data  Gb  main.o [1]
data_send               0x08001025   0x2c  Code  Gb  usart.o [1]
delay_init              0x08000f3d   0x22  Code  Gb  delay.o [1]
delay_ms                0x08000f5f   0x32  Code  Gb  delay.o [1]
exit                    0x080010eb    0x4  Code  Gb  exit.o [3]
fac_ms                  0x2000009c    0x2  Data  Lc  delay.o [1]
fac_us                  0x200000a0    0x1  Data  Lc  delay.o [1]
flag                    0x200000a1    0x1  Data  Gb  main.o [1]
main                    0x08000e29  0x114  Code  Gb  main.o [1]
timer                   0x2000009e    0x2  Data  Gb  stm32f10x_it.o [1]


[1] = C:\Users\64327\Desktop\can_test\Debug\Obj
[2] = command line
[3] = dl7M_tlf.a
[4] = rt7M_tl.a
[5] = shb_l.a

  4 520 bytes of readonly  code memory
     20 bytes of readonly  data memory
  2 211 bytes of readwrite data memory

Errors: none
Warnings: none
